// Jest Snapshot v1, https://goo.gl/fbAQLP

exports[`<LinearCoupledDiffEqns/> should solve on differential eqn and presnet a chart 1`] = `
<div>
  <div>
    <LineChart
      EulerData={
        Array [
          Object {
            "x": 0,
            "y": 1,
          },
          Object {
            "x": 0.05,
            "y": 1.05,
          },
          Object {
            "x": 0.1,
            "y": 1.1,
          },
          Object {
            "x": 0.15,
            "y": 1.16,
          },
          Object {
            "x": 0.2,
            "y": 1.22,
          },
          Object {
            "x": 0.25,
            "y": 1.28,
          },
          Object {
            "x": 0.3,
            "y": 1.35,
          },
          Object {
            "x": 0.35,
            "y": 1.42,
          },
          Object {
            "x": 0.4,
            "y": 1.49,
          },
          Object {
            "x": 0.45,
            "y": 1.57,
          },
          Object {
            "x": 0.5,
            "y": 1.65,
          },
          Object {
            "x": 0.55,
            "y": 1.73,
          },
          Object {
            "x": 0.6,
            "y": 1.82,
          },
          Object {
            "x": 0.65,
            "y": 1.91,
          },
          Object {
            "x": 0.7,
            "y": 2.01,
          },
          Object {
            "x": 0.75,
            "y": 2.11,
          },
          Object {
            "x": 0.8,
            "y": 2.22,
          },
          Object {
            "x": 0.85,
            "y": 2.33,
          },
          Object {
            "x": 0.9,
            "y": 2.45,
          },
          Object {
            "x": 0.95,
            "y": 2.58,
          },
          Object {
            "x": 1,
            "y": 2.71,
          },
          Object {
            "x": 1.05,
            "y": 2.85,
          },
          Object {
            "x": 1.1,
            "y": 2.99,
          },
          Object {
            "x": 1.15,
            "y": 3.14,
          },
          Object {
            "x": 1.2,
            "y": 3.3,
          },
          Object {
            "x": 1.25,
            "y": 3.47,
          },
          Object {
            "x": 1.3,
            "y": 3.65,
          },
          Object {
            "x": 1.35,
            "y": 3.84,
          },
          Object {
            "x": 1.4,
            "y": 4.03,
          },
          Object {
            "x": 1.45,
            "y": 4.24,
          },
          Object {
            "x": 1.5,
            "y": 4.45,
          },
          Object {
            "x": 1.55,
            "y": 4.68,
          },
        ]
      }
      LineNames={
        Array [
          "a",
          "b",
        ]
      }
      MidpointData={
        Array [
          Object {
            "x": 0,
            "y": 2,
          },
          Object {
            "x": 0.05,
            "y": 2.1,
          },
          Object {
            "x": 0.1,
            "y": 2.21,
          },
          Object {
            "x": 0.15,
            "y": 2.32,
          },
          Object {
            "x": 0.2,
            "y": 2.44,
          },
          Object {
            "x": 0.25,
            "y": 2.57,
          },
          Object {
            "x": 0.3,
            "y": 2.7,
          },
          Object {
            "x": 0.35,
            "y": 2.83,
          },
          Object {
            "x": 0.4,
            "y": 2.98,
          },
          Object {
            "x": 0.45,
            "y": 3.13,
          },
          Object {
            "x": 0.5,
            "y": 3.29,
          },
          Object {
            "x": 0.55,
            "y": 3.46,
          },
          Object {
            "x": 0.6,
            "y": 3.64,
          },
          Object {
            "x": 0.65,
            "y": 3.82,
          },
          Object {
            "x": 0.7,
            "y": 4.02,
          },
          Object {
            "x": 0.75,
            "y": 4.22,
          },
          Object {
            "x": 0.8,
            "y": 4.44,
          },
          Object {
            "x": 0.85,
            "y": 4.66,
          },
          Object {
            "x": 0.9,
            "y": 4.9,
          },
          Object {
            "x": 0.95,
            "y": 5.15,
          },
          Object {
            "x": 1,
            "y": 5.41,
          },
          Object {
            "x": 1.05,
            "y": 5.69,
          },
          Object {
            "x": 1.1,
            "y": 5.98,
          },
          Object {
            "x": 1.15,
            "y": 6.29,
          },
          Object {
            "x": 1.2,
            "y": 6.61,
          },
          Object {
            "x": 1.25,
            "y": 6.95,
          },
          Object {
            "x": 1.3,
            "y": 7.3,
          },
          Object {
            "x": 1.35,
            "y": 7.67,
          },
          Object {
            "x": 1.4,
            "y": 8.06,
          },
          Object {
            "x": 1.45,
            "y": 8.48,
          },
          Object {
            "x": 1.5,
            "y": 8.91,
          },
          Object {
            "x": 1.55,
            "y": 9.36,
          },
        ]
      }
      axisNames={
        Array [
          "t",
          "",
        ]
      }
      horizontalAlign="top"
      verticalAlign="center"
    />
  </div>
</div>
`;
