// Jest Snapshot v1, https://goo.gl/fbAQLP

exports[`<LinearCoupledDiffEquationSolver/> should solve on differential eqn  1`] = `
Array [
  Array [
    Array [
      0.5,
      0.5,
      0.5,
      0.5,
    ],
    Array [
      -32.53578233074102,
      -0.442669787072866,
      -0.442669787072866,
      1.8234812126263564,
    ],
    Array [
      -134.3710289814233,
      96.08187415792636,
      96.08187415792636,
      -196.07870555283017,
    ],
    Array [
      -515.6517080951403,
      178.0597905566074,
      178.0597905566074,
      -1057.1850554689247,
    ],
    Array [
      -1041.7103568251457,
      214.59766085617687,
      214.59766085617687,
      -2104.1288528736077,
    ],
    Array [
      -1669.0367852932336,
      237.2563988528047,
      237.2563988528047,
      -3272.411948548709,
    ],
    Array [
      -2378.052954585735,
      253.30187592014613,
      253.30187592014613,
      -4525.617958799099,
    ],
    Array [
      -3159.713388929714,
      265.5299461163581,
      265.5299461163581,
      -5842.8976776753725,
    ],
    Array [
      -4009.653682325864,
      275.29052453378165,
      275.29052453378165,
      -7210.9572747385155,
    ],
    Array [
      -4925.957619664589,
      283.3327509663562,
      283.3327509663562,
      -8620.64070255367,
    ],
    Array [
      -5908.161675407967,
      290.1135828817713,
      290.1135828817713,
      -10065.283550710537,
    ],
  ],
]
`;
