// Jest Snapshot v1, https://goo.gl/fbAQLP

exports[`<NewDiffEquationSolver3rdPartyCheck/> should solve on differential eqn  1`] = `
Array [
  Array [
    1,
    0,
  ],
  Array [
    1.0050000000000001,
    0.1,
  ],
  Array [
    1.02,
    0.2,
  ],
  Array [
    1.045,
    0.30000000000000004,
  ],
  Array [
    1.0799999999999998,
    0.4,
  ],
  Array [
    1.1249999999999996,
    0.5,
  ],
  Array [
    1.1799999999999995,
    0.6,
  ],
  Array [
    1.2449999999999997,
    0.7,
  ],
  Array [
    1.3199999999999996,
    0.7999999999999999,
  ],
  Array [
    1.4049999999999996,
    0.8999999999999999,
  ],
  Array [
    1.4999999999999996,
    0.9999999999999999,
  ],
]
`;
